// Vitest Snapshot v1, https://vitest.dev/guide/snapshot.html

exports[`index > esbuild-plugin-es5 > async 1`] = `
""use strict";
import { _ as _sliced_to_array } from "@swc/helpers/_/_sliced_to_array";
import { foo } from "./foo";
import { bar } from "./bar";
Promise.all([
  foo(),
  bar()
]).then(function(param) {
  var _param = _sliced_to_array(param, 2), _$foo = _param[0], _$bar = _param[1];
  console.warn(_$foo, _$bar);
});
//# sourceMappingURL=index.js.map
"
`;

exports[`index > esbuild-plugin-es5 > basic 1`] = `
""use strict";
var a = 1;
var b = "1 + 1";
console.log(a, b);
//# sourceMappingURL=index.js.map
"
`;

exports[`index > esbuild-plugin-es5 > react 1`] = `
""use strict";
Object.defineProperty(exports, "__esModule", {
  value: true
});
var _interop_require_default = require("@swc/helpers/_/_interop_require_default");
var _react = /* @__PURE__ */ _interop_require_default._(require("react"));
var _client = require("react-dom/client");
require("./index.css");
var App = function() {
  console.warn("Hello World");
  return /* @__PURE__ */ _react.default.createElement("div", null, "Hello World");
};
var div = document.createElement("div");
document.body.appendChild(div);
var root = (0, _client.createRoot)(div);
root.render(/* @__PURE__ */ _react.default.createElement(App, null));
//# sourceMappingURL=index.js.map
"
`;

exports[`index > esbuild-plugin-es5 > react-jsx 1`] = `
""use strict";
Object.defineProperty(exports, "__esModule", {
  value: true
});
var _interop_require_default = require("@swc/helpers/_/_interop_require_default");
var _react = /* @__PURE__ */ _interop_require_default._(require("react"));
var _client = require("react-dom/client");
require("./index.css");
var App = function() {
  console.warn("Hello World");
  return /* @__PURE__ */ _react.default.createElement("div", null, "Hello World");
};
var div = document.createElement("div");
document.body.appendChild(div);
var root = (0, _client.createRoot)(div);
root.render(/* @__PURE__ */ _react.default.createElement(App, null));
//# sourceMappingURL=index.js.map
"
`;
